{"component":"social_listener","operation":"campaign_automation_tick","status":"error","error":"Timeout: Request failed to complete in 15000ms"}
{"component":"crm_social_orchestrator","operation":"integration_action_tick","status":"error","error":"Timeout: Request failed to complete in 15000ms"}
{"component":"social_listener","operation":"campaign_automation_tick","status":"error","error":"Failed to connect to localhost\\SQLEXPRESS in 15000ms"}
{"component":"crm_social_orchestrator","operation":"integration_action_tick","status":"error","error":"Failed to connect to localhost\\SQLEXPRESS in 15000ms"}
{"component":"social_listener","operation":"campaign_automation_tick","status":"error","error":"Failed to cancel request in 5000ms"}
{"component":"crm_social_orchestrator","operation":"integration_action_tick","status":"error","error":"Failed to cancel request in 5000ms"}
{"component":"social_listener","operation":"campaign_automation_tick","status":"error","error":"Failed to connect to localhost\\SQLEXPRESS in 15000ms"}
{"component":"crm_social_orchestrator","operation":"integration_action_tick","status":"error","error":"Failed to connect to localhost\\SQLEXPRESS in 15000ms"}
{"component":"social_listener","operation":"campaign_automation_tick","status":"error","error":"Failed to connect to localhost\\SQLEXPRESS in 15000ms"}
{"component":"crm_social_orchestrator","operation":"integration_action_tick","status":"error","error":"Failed to connect to localhost\\SQLEXPRESS in 15000ms"}
{"component":"social_listener","operation":"campaign_automation_tick","status":"error","error":"Failed to connect to localhost\\SQLEXPRESS in 15000ms"}
{"component":"crm_social_orchestrator","operation":"integration_action_tick","status":"error","error":"Failed to connect to localhost\\SQLEXPRESS in 15000ms"}
{"component":"social_listener","operation":"campaign_automation_tick","status":"error","error":"Failed to connect to localhost\\SQLEXPRESS in 15000ms"}
{"component":"crm_social_orchestrator","operation":"integration_action_tick","status":"error","error":"Failed to connect to localhost\\SQLEXPRESS in 15000ms"}
{"component":"social_listener","operation":"campaign_automation_tick","status":"error","error":"Failed to connect to localhost\\SQLEXPRESS in 15000ms"}
{"component":"crm_social_orchestrator","operation":"integration_action_tick","status":"error","error":"Failed to connect to localhost\\SQLEXPRESS in 15000ms"}
{"component":"social_listener","operation":"campaign_automation_tick","status":"error","error":"Failed to connect to localhost\\SQLEXPRESS in 15000ms"}
{"component":"crm_social_orchestrator","operation":"integration_action_tick","status":"error","error":"Failed to connect to localhost\\SQLEXPRESS in 15000ms"}
{"component":"social_listener","operation":"campaign_automation_tick","status":"error","error":"Failed to connect to localhost\\SQLEXPRESS in 15000ms"}
{"component":"crm_social_orchestrator","operation":"integration_action_tick","status":"error","error":"Failed to connect to localhost\\SQLEXPRESS in 15000ms"}
{"component":"crm_social_orchestrator","operation":"integration_action_tick","status":"error","error":"Timeout: Request failed to complete in 15000ms"}
{"component":"social_listener","operation":"campaign_automation_tick","status":"error","error":"Timeout: Request failed to complete in 15000ms"}
{"component":"social_listener","operation":"campaign_automation_tick","status":"error","error":"Failed to connect to localhost\\SQLEXPRESS in 15000ms"}
{"component":"crm_social_orchestrator","operation":"integration_action_tick","status":"error","error":"Failed to connect to localhost\\SQLEXPRESS in 15000ms"}
{"component":"crm_social_orchestrator","operation":"integration_action_tick","status":"error","error":"Timeout: Request failed to complete in 15000ms"}
{"component":"social_listener","operation":"campaign_automation_tick","status":"error","error":"Timeout: Request failed to complete in 15000ms"}
{"component":"crm_social_orchestrator","operation":"integration_action_tick","status":"error","error":"Timeout: Request failed to complete in 15000ms"}
{"component":"social_listener","operation":"campaign_automation_tick","status":"error","error":"Failed to cancel request in 5000ms"}
{"component":"social_listener","operation":"campaign_automation_tick","status":"error","error":"Failed to connect to localhost\\SQLEXPRESS in 15000ms"}
{"component":"crm_social_orchestrator","operation":"integration_action_tick","status":"error","error":"Failed to connect to localhost\\SQLEXPRESS in 15000ms"}
{"component":"social_listener","operation":"POST /content/campaign-mode","status":"error","error":"No selected channel has a successful persisted provider identity test."}
{"component":"crm_social_orchestrator","operation":"integration_action_tick","status":"error","error":"Failed to cancel request in 5000ms"}
{"component":"social_listener","operation":"campaign_automation_tick","status":"error","error":"Failed to cancel request in 5000ms"}
{"component":"social_listener","operation":"campaign_automation_tick","status":"error","error":"Failed to connect to localhost\\SQLEXPRESS in 15000ms"}
{"component":"crm_social_orchestrator","operation":"integration_action_tick","status":"error","error":"Failed to connect to localhost\\SQLEXPRESS in 15000ms"}
{"component":"social_listener","operation":"campaign_automation_tick","status":"error","error":"Failed to cancel request in 5000ms"}
{"component":"crm_social_orchestrator","operation":"integration_action_tick","status":"error","error":"Failed to cancel request in 5000ms"}
{"component":"social_listener","operation":"campaign_automation_tick","status":"error","error":"Failed to connect to localhost\\SQLEXPRESS in 15000ms"}
{"component":"crm_social_orchestrator","operation":"integration_action_tick","status":"error","error":"Failed to connect to localhost\\SQLEXPRESS in 15000ms"}
{"component":"social_listener","operation":"campaign_automation_tick","status":"error","error":"Failed to cancel request in 5000ms"}
{"component":"crm_social_orchestrator","operation":"integration_action_tick","status":"error","error":"Failed to cancel request in 5000ms"}
{"component":"crm_social_orchestrator","operation":"integration_action_tick","status":"error","error":"Timeout: Request failed to complete in 15000ms"}
{"component":"social_listener","operation":"campaign_automation_tick","status":"error","error":"Timeout: Request failed to complete in 15000ms"}
{"component":"social_listener","operation":"campaign_automation_tick","status":"error","error":"Failed to connect to localhost\\SQLEXPRESS in 15000ms"}
{"component":"crm_social_orchestrator","operation":"integration_action_tick","status":"error","error":"Failed to connect to localhost\\SQLEXPRESS in 15000ms"}
{"component":"social_listener","operation":"campaign_automation_tick","status":"error","error":"Failed to connect to localhost\\SQLEXPRESS in 15000ms"}
{"component":"crm_social_orchestrator","operation":"integration_action_tick","status":"error","error":"Failed to connect to localhost\\SQLEXPRESS in 15000ms"}
{"component":"social_listener","operation":"campaign_automation_tick","status":"error","error":"Failed to connect to localhost\\SQLEXPRESS in 15000ms"}
{"component":"crm_social_orchestrator","operation":"integration_action_tick","status":"error","error":"Failed to connect to localhost\\SQLEXPRESS in 15000ms"}
{"component":"social_listener","operation":"campaign_automation_tick","status":"error","error":"Failed to connect to localhost\\SQLEXPRESS in 15000ms"}
{"component":"crm_social_orchestrator","operation":"integration_action_tick","status":"error","error":"Failed to connect to localhost\\SQLEXPRESS in 15000ms"}
{"component":"social_listener","operation":"campaign_automation_tick","status":"error","error":"Failed to cancel request in 5000ms"}
{"component":"crm_social_orchestrator","operation":"integration_action_tick","status":"error","error":"Failed to cancel request in 5000ms"}
{"component":"social_listener","operation":"campaign_automation_tick","status":"error","error":"Failed to connect to localhost\\SQLEXPRESS in 15000ms"}
{"component":"crm_social_orchestrator","operation":"integration_action_tick","status":"error","error":"Failed to connect to localhost\\SQLEXPRESS in 15000ms"}
{"component":"social_listener","operation":"campaign_automation_tick","status":"error","error":"Failed to connect to localhost\\SQLEXPRESS in 15000ms"}
{"component":"crm_social_orchestrator","operation":"integration_action_tick","status":"error","error":"Failed to connect to localhost\\SQLEXPRESS in 15000ms"}
{"component":"social_listener","operation":"campaign_automation_tick","status":"error","error":"Failed to connect to localhost\\SQLEXPRESS in 15000ms"}
{"component":"crm_social_orchestrator","operation":"integration_action_tick","status":"error","error":"Failed to connect to localhost\\SQLEXPRESS in 15000ms"}
{"component":"social_listener","operation":"campaign_automation_tick","status":"error","error":"Failed to connect to localhost\\SQLEXPRESS in 15000ms"}
{"component":"crm_social_orchestrator","operation":"integration_action_tick","status":"error","error":"Failed to connect to localhost\\SQLEXPRESS in 15000ms"}
{"component":"social_listener","operation":"campaign_automation_tick","status":"error","error":"Failed to connect to localhost\\SQLEXPRESS in 15000ms"}
{"component":"crm_social_orchestrator","operation":"integration_action_tick","status":"error","error":"Failed to connect to localhost\\SQLEXPRESS in 15000ms"}
{"component":"social_listener","operation":"campaign_automation_tick","status":"error","error":"Failed to connect to localhost\\SQLEXPRESS in 15000ms"}
{"component":"crm_social_orchestrator","operation":"integration_action_tick","status":"error","error":"Failed to connect to localhost\\SQLEXPRESS in 15000ms"}
{"component":"crm_social_orchestrator","operation":"integration_action_tick","status":"error","error":"Timeout: Request failed to complete in 15000ms"}
{"component":"social_listener","operation":"campaign_automation_tick","status":"error","error":"Timeout: Request failed to complete in 15000ms"}
{"component":"social_listener","operation":"campaign_automation_tick","status":"error","error":"Failed to connect to localhost\\SQLEXPRESS in 15000ms"}
{"component":"crm_social_orchestrator","operation":"integration_action_tick","status":"error","error":"Failed to connect to localhost\\SQLEXPRESS in 15000ms"}
{"component":"social_listener","operation":"campaign_automation_tick","status":"error","error":"Failed to connect to localhost\\SQLEXPRESS in 15000ms"}
{"component":"crm_social_orchestrator","operation":"integration_action_tick","status":"error","error":"Failed to connect to localhost\\SQLEXPRESS in 15000ms"}
{"component":"social_listener","operation":"campaign_automation_tick","status":"error","error":"Failed to connect to localhost\\SQLEXPRESS in 15000ms"}
{"component":"crm_social_orchestrator","operation":"integration_action_tick","status":"error","error":"Failed to connect to localhost\\SQLEXPRESS in 15000ms"}
